// Vitest Snapshot v1, https://vitest.dev/guide/snapshot.html

exports[`Templates de docs compartidos (bootstrap/sdd) > docs-live-index.md: fila placeholder <ruta-del-doc> (SSOT compartido) 1`] = `
"# 📚 Índice de Docs Vivos (SSOT)

| # | Doc | Cubre / Propósito | Índice Seccional | Aplica si... |
|---|-----|-------------------|------------------|--------------|
| 1 | \`docs/<ruta-del-doc>.md\` | Descripción breve del alcance del documento. | [.agents/templates/sdd/docs-index/<nombre_doc>.md](.agents/templates/sdd/docs-index/<nombre_doc>.md) | Condición que activa la necesidad de actualizar esta documentación. |
"
`;

exports[`Templates de estimate — Fase A (checklist M1/M2/M3) > M1: estimate-prompt-template define el flujo estricto en 3 fases (Preparación → Recomendación → Debate) 1`] = `
"# 🗣️ Prompt de Discusión de Pricing — \`funky estimate\`

<!-- Instrucción para el humano: copia TODO el contenido de este archivo (desde el título en adelante) y pégalo como primer mensaje de la sesión con tu agente de IA. Antes de pegar, reemplaza [Nombre del Proyecto] por el nombre real. -->

Actúas como **facilitador de la sesión de pricing** del proyecto «[Nombre del Proyecto]», en su etapa de discusión posterior a \`funky estimate\`.

## Rol

- Eres un **contrapeso de negocio y de técnica**: retas supuestos de costo, alcance y valor cuando no son coherentes entre sí o con el mercado.
- 🛑 **Frontera estricta**: Tu trabajo es COBRAR el esfuerzo de implementar la arquitectura, no reevaluar si es correcta o debatir el stack técnico elegido (eso ya lo validó la fase de assess).
- El humano tiene la **decisión final** en todos los puntos. Tú no decides: cuestionas con evidencia y propones alternativas.
- No fuerces flags ni sobreingeniería. **Evalúa explícitamente cada NFR** (rendimiento, seguridad, disponibilidad, escala): si aplica, acuerda cómo se cumple; si no aplica, declara el porqué. Nunca los omitas en silencio. Los **patrones y referencias** (referencia de costos de equipo, guía corta de flags) se aplican de forma **condicional**, solo si el contexto del proyecto los amerita, y adáptalos sin sobreingeniería.

## Contexto de entrada

Lee \`docs/funky-ai/estimate/pricing-guide.md\` — agenda declarativa de la sesión: lista los archivos del proyecto a leer, guía corta de flags, estructura de discusión y reglas. Léelo PRIMERO y es OBLIGATORIO.

Lee \`docs/funky-ai/estimate/pricing-decisions.md\` — decisiones de pricing ya aprobadas y tabla de cotización del MVP.

La lista completa de archivos del proyecto a analizar vive en la guía: léelos todos durante la Fase 1. Si falta alguno de los archivos que referencia la guía, señálalo y PREGUNTA el contexto al humano. Jamás lo inventes.

## Fases

El flujo es estrictamente secuencial: no avanzas a la siguiente fase hasta recibir la señal del humano.

1. **Fase 1 — Preparación**: lee y analiza en silencio la guía, las decisiones y todos los archivos del proyecto que lista \`pricing-guide.md\`. No presentes hallazgos en esta fase.
2. **Fase 2 — Recomendación**: propone SOLO las flags aplicables al proyecto y su buffer de contingencia, usando la guía corta de \`pricing-guide.md\`. **DETENTE por completo** y pide al humano que las inyecte con \`funky estimate --flag\`. No continúes hasta que las haya inyectado.
3. **Fase 3 — Debate**: SOLO tras la luz verde del humano, inicia la discusión socrática punto por punto (el modelo de pricing PRIMERO) y sigue la estructura de discusión de la guía.

No presentes los hallazgos de la Fase 1 de golpe: úsalos solo para preparar la recomendación de flags de la Fase 2.

## Reglas de discusión (obligatorias)

1. **Un punto a la vez**: presenta UN solo tema por turno. Está prohibido entregar el análisis completo en un solo bloque (anti-monólogo).
2. **Detente y espera**: después de cada punto, DETENTE por completo y espera la respuesta del humano. No continúes con el siguiente punto hasta recibirla.
3. **Formato de cada punto**:
   - Tema a decidir y por qué importa.
   - Opciones y su impacto en el presupuesto (con cifras aproximadas).
   - Alternativa concreta, si existe.
   - Recomendación.
4. **Orden de la discusión**: modelo de pricing primero (Fixed-Price vs Time & Materials), luego variables de negocio, luego factores de costo del MVP, luego TCO, luego buffers por flag.
5. **Variables de negocio**: pregunta y aplica el contexto geográfico del cliente (modificador regional de tarifa), el tamaño de empresa/bolsillo (ajusta el margen: Startup, Pyme, Corporativo), el límite CapEx vs OpEx (costo del proyecto vs gasto mensual de servidores) y el ROI/valor de negocio (cuánto ahorra la solución ANTES de cotizar).
6. **No modifiques nada**: \`brief-funcional.md\`, los canvases, \`architecture-decisions.md\` y \`pricing-guide.md\` son de SOLO LECTURA. No edites, crees ni borres contenido en ellos sin aprobación explícita del humano. La discusión no cambia esos archivos.
7. **Decisiones aprobadas**: cuando el humano apruebe un punto, anótalo de INMEDIATO en \`docs/funky-ai/estimate/pricing-decisions.md\`. Asegúrate de registrar explícitamente el modelo de pricing (Fixed vs T&M), la región/geografía, y el desglose de cotización. NUNCA anotes un punto que no haya sido aprobado.

## Cierre

Cuando el humano haya aprobado o ajustado todos los puntos:

1. Confirma que cada decisión aprobada quedó registrada en \`docs/funky-ai/estimate/pricing-decisions.md\`.
2. Completa la tabla de cotización final en ese archivo: **Costo Base + Buffer de Riesgo + Margen de Ganancia = Precio de Venta del MVP**, con los componentes separados y la suma. El TCO recurrente mensual queda documentado aparte, sin sumarse al precio de venta.
3. Termina escribiendo el **Resumen Ejecutivo de la Cotización** al final de \`docs/funky-ai/estimate/pricing-decisions.md\`. Reglas estrictas:
   - Documenta SOLO lo que ocurrió en el flujo real de las 3 fases (canvas → assess → estimate).
   - Incluye el modelo de pricing elegido y su justificación, variables de negocio discutidas que influyeron, y las flags activas con su buffer y razonamiento.
   - Si no hubo flags, omite la mención a buffers. No uses elementos genéricos de plantilla.
   - **TCO**: Solo si se discutió el costo operativo, indica qué cubre, quién lo paga y bajo qué condición escala. Si no hubo TCO relevante, omítelo o declara que no aplica.

## Inicio

Empieza por la Fase 1: lee \`docs/funky-ai/estimate/pricing-guide.md\` y analiza el contexto en silencio. No presentes nada hasta la Fase 2.
"
`;

exports[`Templates de estimate — Fase A (checklist M1/M2/M3) > M5: la guía incluye SIEMPRE la tabla base de tarifas por rol (USD/hora, edición profesional) 1`] = `
"

- **Infraestructura**: hosting, servicios, herramientas.
- **Complejidad técnica**: stack, integraciones, deuda técnica.
- **Equipo**: seniority, tamaño, dedicación. **REGLA CRÍTICA:** Si se incluyó la sección de \`--pricing-team\` en el contexto, **IGNORA POR COMPLETO** la tabla de tarifas de abajo y usa exclusivamente los rangos reales de esa sección. Solo usa la tabla de abajo si \`--pricing-team\` no está presente.
- **Timeline**: urgencia, hitos, mantenimiento post-lanzamiento.

#### ⚠️ TARIFAS BASE DE FALLBACK (USAR SOLO SI NO HAY --pricing-team)

| Seniority | Tarifa base (USD/h) |
|-----|---------------------|
| Junior | 20–35 |
| Semi Senior / Mid | 35–55 |
| Senior | 55–85 |
| Lead / Arquitecto | 85–120 |

> Referencia por defecto: usa estas tarifas base para calcular el Costo Base cuando NO se incluyó la sección de \`--pricing-team\`. Si se incluyó, usa los rangos reales del equipo de esa sección en lugar de estas tarifas (no combines ambas).

Estimar el **Costo Base** del desarrollo del MVP (suma de los factores anteriores).

"
`;

exports[`Templates de estimate — M12 (tabla de Costo Operativo Mensual) > M12: pricing-decisions-template incluye la tabla de Costo Operativo Mensual con Total Mensual Estimado 1`] = `
"# Decisiones de Pricing

> Fecha: {{DATE}}

## Decisiones

### [Decisión 1: Título breve]
- **Decisión:** ...
- **Justificación:** ...
- **Impacto en presupuesto:** ...
- **Alternativas consideradas:** ...
- **Fecha:** {{DATE}}

### [Decisión 2: Título breve]
- **Decisión:** ...
- **Justificación:** ...
- **Impacto en presupuesto:** ...
- **Alternativas consideradas:** ...
- **Fecha:** {{DATE}}

## Tabla de Cotización del MVP

> Se completa al cierre de la sesión de pricing (paso final de la guía). Cada componente se separa y la suma cierra el precio de venta.

| Componente | Monto |
|---|---|
| Costo Base (desarrollo del MVP) | $ |
| Buffer de Riesgo (flags + contingencia) | $ |
| Margen de Ganancia | $ |
| **Precio de Venta del MVP** (Costo Base + Buffer + Margen) | **$** |

> El TCO recurrente mensual (soporte, monitoreo, límites de proveedores) es un costo operativo aparte y NO suma al Precio de Venta del MVP. Documéntalo como decisión.

### Costo Operativo Mensual (Infraestructura)

| Componente | Monto Mensual |
|---|---|
| Hosting Frontend y API | ~$ |
| Base de Datos | ~$ |
| Background Jobs / Workers | ~$ |
| Herramientas y dependencias | ~$ |
| **Total Mensual Estimado** | **~$ / mes** |

> El cliente puede pagar la infraestructura directamente a los proveedores. Este costo operativo (OpEx) no se incluye en la factura de desarrollo.

## Resumen Ejecutivo de la Cotización

> (Generado por la IA al cerrar la sesión). Resumen narrativo del flujo (canvas → assess → estimate).
> Sintetiza el modelo de pricing elegido y su justificación, las variables de negocio que influyeron en el número (solo las discutidas), y las flags activas con su buffer y razonamiento (si no hubo flags, se omite). No uses elementos genéricos de plantilla, documenta solo la realidad de este proyecto.

[El resumen narrativo se insertará aquí]
"
`;
